<?xml version="1.0" encoding="UTF-8"?>
<TestRun id="67d8bb6b-6bfc-40af-af25-76a5ef60eb4a" name="Administrator@STUDENT08 2015-02-26 14:44:31" runUser="STUDENT08\Administrator" xmlns="http://microsoft.com/schemas/VisualStudio/TeamTest/2010">
  <TestSettings name="Local" id="b17f929f-9583-4fbc-b57c-501fd1e63686">
    <Description>These are default test settings for a local test run.</Description>
    <Deployment enabled="false" runDeploymentRoot="Administrator_STUDENT08 2015-02-26 14_44_31">
      <DeploymentItem filename="C:\Users\Administrator\Documents\C#\QA\QA\bin\Debug\QA.dll" />
    </Deployment>
    <Execution>
      <TestTypeSpecific />
      <AgentRule name="Execution Agents">
      </AgentRule>
    </Execution>
  </TestSettings>
  <Times creation="2015-02-26T14:44:31.0303880+00:00" queuing="2015-02-26T14:44:31.0873913+00:00" start="2015-02-26T14:44:31.0923916+00:00" finish="2015-02-26T14:44:31.3344054+00:00" />
  <ResultSummary outcome="Completed">
    <Counters total="1" executed="1" passed="1" error="0" failed="0" timeout="0" aborted="0" inconclusive="0" passedButRunAborted="0" notRunnable="0" notExecuted="0" disconnected="0" warning="0" completed="0" inProgress="0" pending="0" />
  </ResultSummary>
  <TestDefinitions>
    <UnitTest name="RemoveQuantityTest" storage="c:\users\administrator\documents\c#\qa\orderitemtests\bin\debug\orderitemtests.dll" id="9f7ced2f-854d-7c27-e06f-df0835b7b2f4">
      <Execution id="f97891a7-4813-4c49-811f-14893f271d7c" />
      <TestMethod codeBase="C:/Users/Administrator/Documents/C#/QA/OrderItemTests/bin/Debug/OrderItemTests.DLL" adapterTypeName="Microsoft.VisualStudio.TestTools.TestTypes.Unit.UnitTestAdapter, Microsoft.VisualStudio.QualityTools.Tips.UnitTest.Adapter, Version=10.0.0.0, Culture=neutral, PublicKeyToken=b03f5f7f11d50a3a" className="QATests.ShoppingBasketTests, OrderItemTests, Version=1.0.0.0, Culture=neutral, PublicKeyToken=null" name="RemoveQuantityTest" />
    </UnitTest>
  </TestDefinitions>
  <TestLists>
    <TestList name="Results Not in a List" id="8c84fa94-04c1-424b-9868-57a2d4851a1d" />
    <TestList name="All Loaded Results" id="19431567-8539-422a-85d7-44ee4e166bda" />
  </TestLists>
  <TestEntries>
    <TestEntry testId="9f7ced2f-854d-7c27-e06f-df0835b7b2f4" executionId="f97891a7-4813-4c49-811f-14893f271d7c" testListId="8c84fa94-04c1-424b-9868-57a2d4851a1d" />
  </TestEntries>
  <Results>
    <UnitTestResult executionId="f97891a7-4813-4c49-811f-14893f271d7c" testId="9f7ced2f-854d-7c27-e06f-df0835b7b2f4" testName="RemoveQuantityTest" computerName="STUDENT08" duration="00:00:00.0157844" startTime="2015-02-26T14:44:31.0963918+00:00" endTime="2015-02-26T14:44:31.3214046+00:00" testType="13cdc9d9-ddb5-4fa4-a97d-d965ccfc6d4b" outcome="Passed" testListId="8c84fa94-04c1-424b-9868-57a2d4851a1d" relativeResultsDirectory="f97891a7-4813-4c49-811f-14893f271d7c">
    </UnitTestResult>
  </Results>
</TestRun>